  1/1 Mean: 0.000 ━━━━━━━━━━━━━━━━━━━━━━━━━━━━━━━━━━━━━━━━ 0:00:08 0:00:00
adhoc • oracle
┏━━━━━━━━┳━━━━━━━━━━━━┳━━━━━━━┓
┃ Trials ┃ Exceptions ┃  Mean ┃
┡━━━━━━━━╇━━━━━━━━━━━━╇━━━━━━━┩
│      1 │          0 │ 0.000 │
└────────┴────────────┴───────┘

┏━━━━━━━━┳━━━━━━━┓
┃ Reward ┃ Count ┃
┡━━━━━━━━╇━━━━━━━┩
│ 0.0    │     1 │
└────────┴───────┘

Job Info
Total runtime: 8s
Results written to 
jobs/hardcore-coherence-zero-three-hardcore-r1-shortcut-20261004-080346/result.j
son
Inspect results by running `harbor view jobs`
Share results by running `harbor upload 
jobs/hardcore-coherence-zero-three-hardcore-r1-shortcut-20261004-080346`

