....FFF                                                                  [100%]
=================================== FAILURES ===================================
__________________________ test_prediction[insulated] __________________________

evaluated = {'calibration_chi2': 1.193031295764447, 'hidden': {'contact_0.4': 0.034691971802265076, 'contact_1.1': 0.0403435572613...'insulated': 0.04775797440770154}, 'parameter': 145.05709205952135, 'parameter_relative_error': 0.00039373834152667264}
case = 'insulated'

    @pytest.mark.parametrize('case', list(reference.hidden_inputs()))
    def test_prediction(evaluated, case):
>       assert evaluated['hidden'][case] < 0.025
E       assert 0.04775797440770154 < 0.025

/var/folders/zk/5n1qblpn7gx5p2lmvqcwhny40000gn/T/rod-r4-local-zyyvubvl/tests/test_hidden.py:47: AssertionError
_________________________ test_prediction[contact_0.4] _________________________

evaluated = {'calibration_chi2': 1.193031295764447, 'hidden': {'contact_0.4': 0.034691971802265076, 'contact_1.1': 0.0403435572613...'insulated': 0.04775797440770154}, 'parameter': 145.05709205952135, 'parameter_relative_error': 0.00039373834152667264}
case = 'contact_0.4'

    @pytest.mark.parametrize('case', list(reference.hidden_inputs()))
    def test_prediction(evaluated, case):
>       assert evaluated['hidden'][case] < 0.025
E       assert 0.034691971802265076 < 0.025

/var/folders/zk/5n1qblpn7gx5p2lmvqcwhny40000gn/T/rod-r4-local-zyyvubvl/tests/test_hidden.py:47: AssertionError
_________________________ test_prediction[contact_1.1] _________________________

evaluated = {'calibration_chi2': 1.193031295764447, 'hidden': {'contact_0.4': 0.034691971802265076, 'contact_1.1': 0.0403435572613...'insulated': 0.04775797440770154}, 'parameter': 145.05709205952135, 'parameter_relative_error': 0.00039373834152667264}
case = 'contact_1.1'

    @pytest.mark.parametrize('case', list(reference.hidden_inputs()))
    def test_prediction(evaluated, case):
>       assert evaluated['hidden'][case] < 0.025
E       assert 0.04034355726139609 < 0.025

/var/folders/zk/5n1qblpn7gx5p2lmvqcwhny40000gn/T/rod-r4-local-zyyvubvl/tests/test_hidden.py:47: AssertionError
=========================== short test summary info ============================
FAILED ../../../../../../../../var/folders/zk/5n1qblpn7gx5p2lmvqcwhny40000gn/T/rod-r4-local-zyyvubvl/tests/test_hidden.py::test_prediction[insulated]
FAILED ../../../../../../../../var/folders/zk/5n1qblpn7gx5p2lmvqcwhny40000gn/T/rod-r4-local-zyyvubvl/tests/test_hidden.py::test_prediction[contact_0.4]
FAILED ../../../../../../../../var/folders/zk/5n1qblpn7gx5p2lmvqcwhny40000gn/T/rod-r4-local-zyyvubvl/tests/test_hidden.py::test_prediction[contact_1.1]
3 failed, 4 passed in 0.83s
