  1/1 Mean: 0.000 ━━━━━━━━━━━━━━━━━━━━━━━━━━━━━━━━━━━━━━━━ 0:00:07 0:00:00
adhoc • oracle
┏━━━━━━━━┳━━━━━━━━━━━━┳━━━━━━━┓
┃ Trials ┃ Exceptions ┃  Mean ┃
┡━━━━━━━━╇━━━━━━━━━━━━╇━━━━━━━┩
│      1 │          0 │ 0.000 │
└────────┴────────────┴───────┘

┏━━━━━━━━┳━━━━━━━┓
┃ Reward ┃ Count ┃
┡━━━━━━━━╇━━━━━━━┩
│ 0.0    │     1 │
└────────┴───────┘

Job Info
Total runtime: 7s
Results written to 
jobs/acoustic-cavity-pressure-zero-three-acoustic-r1-shortcut-20261004-084410/re
sult.json
Inspect results by running `harbor view jobs`
Share results by running `harbor upload 
jobs/acoustic-cavity-pressure-zero-three-acoustic-r1-shortcut-20261004-084410`

