{"section": "preflight", "elapsed_seconds": 0.00015908299246802926}
{"section": "calibration", "elapsed_seconds": 0.02799720800248906}
{"section": "survey", "elapsed_seconds": 0.9623961249599233}
{"reference_case": 0, "z": 0.5083454803646874, "scaled_error": 5.816589767795382e-08, "elapsed_seconds": 14.611053458007518}
{"reference_case": 1, "z": 2.392273173160169, "scaled_error": 8.282761138905228e-09, "elapsed_seconds": 28.18746912496863}
{"reference_case": 2, "z": 1.174068576095333, "scaled_error": 2.586481132061308e-09, "elapsed_seconds": 41.91207291698083}
{"reference_case": 3, "z": 3.0511191057652307, "scaled_error": 8.9604509814509e-09, "elapsed_seconds": 55.6033840419841}
{"reference_case": 4, "z": 0.25331332768409975, "scaled_error": 9.123906227504894e-08, "elapsed_seconds": 61.249554832989816}
{"reference_case": 5, "z": 1.1064343749212473, "scaled_error": 2.8893234718254705e-08, "elapsed_seconds": 66.86834804195678}
{"reference_case": 6, "z": 0.5516916031425013, "scaled_error": 2.049239655061289e-08, "elapsed_seconds": 72.55758037499618}
{"reference_case": 7, "z": 1.3418055755234124, "scaled_error": 4.852739853861028e-09, "elapsed_seconds": 78.2098980830051}
{"reference_case": 8, "z": 0.22678379033245938, "scaled_error": 2.3149656273638346e-08, "elapsed_seconds": 81.1013583749882}
{"reference_case": 9, "z": 1.0720922261976433, "scaled_error": 4.149795222024925e-09, "elapsed_seconds": 83.99391345796175}
{"reference_case": 10, "z": 0.5256517034524653, "scaled_error": 2.6466163232844917e-09, "elapsed_seconds": 86.88247687497642}
{"reference_case": 11, "z": 1.3713876476579276, "scaled_error": 1.1343160303425104e-09, "elapsed_seconds": 89.75521812500665}
{"reference_case": 12, "z": 0.11148313908749123, "scaled_error": 5.3976881208103024e-08, "elapsed_seconds": 90.93871399998898}
{"reference_case": 13, "z": 0.49010984095647014, "scaled_error": 1.6550653921124758e-08, "elapsed_seconds": 92.12348745798226}
{"reference_case": 14, "z": 0.24397387086088898, "scaled_error": 1.4842647476506947e-08, "elapsed_seconds": 93.31941608298803}
{"reference_case": 15, "z": 0.5976335490860945, "scaled_error": 3.3370139557502766e-09, "elapsed_seconds": 94.51721162500326}
{"reference_case": 16, "z": 1.7774750392479428, "scaled_error": 7.465179764867734e-08, "elapsed_seconds": 97.281833541987}
{"reference_case": 17, "z": 8.672584974635665, "scaled_error": 6.828944369901238e-09, "elapsed_seconds": 100.02693804196315}
{"reference_case": 18, "z": 4.225787328305334, "scaled_error": 7.14667768637328e-10, "elapsed_seconds": 102.83411329198861}
{"reference_case": 19, "z": 11.30427208804148, "scaled_error": 1.2002452434615901e-08, "elapsed_seconds": 105.65726370800985}
{"reference_case": 20, "z": 0.7982219198381926, "scaled_error": 8.44040431763896e-08, "elapsed_seconds": 106.81963545799954}
{"reference_case": 21, "z": 3.735695220426295, "scaled_error": 3.6262399100415275e-08, "elapsed_seconds": 107.98872391699115}
{"reference_case": 22, "z": 1.8360706255876118, "scaled_error": 3.4775171979858775e-08, "elapsed_seconds": 109.15444104198832}
{"reference_case": 23, "z": 4.742770878136139, "scaled_error": 5.177706916748443e-09, "elapsed_seconds": 110.31616358296014}
{"reference_case": 24, "z": 0.8195244653224717, "scaled_error": 1.710796808524975e-08, "elapsed_seconds": 113.20336666697403}
{"reference_case": 25, "z": 4.001407681292982, "scaled_error": 2.6624458787865285e-10, "elapsed_seconds": 116.0748509169789}
{"reference_case": 26, "z": 1.949366715304798, "scaled_error": 2.4523339718333855e-09, "elapsed_seconds": 118.96848308300832}
{"reference_case": 27, "z": 5.218469652653369, "scaled_error": 1.8577503838767788e-09, "elapsed_seconds": 121.85527116700541}
{"reference_case": 28, "z": 0.36690981627584635, "scaled_error": 5.478412752169179e-08, "elapsed_seconds": 123.04942941700574}
{"reference_case": 29, "z": 1.7169505463324974, "scaled_error": 2.2104702091081022e-08, "elapsed_seconds": 124.25099949998548}
{"reference_case": 30, "z": 0.8436748497823937, "scaled_error": 2.3481091202901514e-08, "elapsed_seconds": 125.45452500000829}
{"reference_case": 31, "z": 2.181463728863239, "scaled_error": 2.207862400895712e-09, "elapsed_seconds": 126.66312929196283}
{"reference_case": 32, "z": 1.1941191912157445, "scaled_error": 6.723214549561556e-08, "elapsed_seconds": 133.01203679200262}
{"reference_case": 33, "z": 1.3981869988298907, "scaled_error": 1.1949974615859036e-07, "elapsed_seconds": 141.6995810829685}
{"reference_case": 34, "z": 0.9709373422422615, "scaled_error": 4.257940842564183e-09, "elapsed_seconds": 153.8143557079602}
{"reference_case": 35, "z": 1.3193939391300278, "scaled_error": 8.026389918725355e-08, "elapsed_seconds": 162.50851999997394}
{"reference_case": 36, "z": 1.91651405411294, "scaled_error": 1.0796248570470585e-09, "elapsed_seconds": 164.65461958298692}
{"reference_case": 37, "z": 1.0437082712670742, "scaled_error": 4.292862593529401e-08, "elapsed_seconds": 166.30847108300077}
{"reference_case": 38, "z": 1.5626903456859922, "scaled_error": 2.1408922975551097e-08, "elapsed_seconds": 167.55799045797903}
{"reference_case": 39, "z": 2.546111488446263, "scaled_error": 4.639666710220586e-09, "elapsed_seconds": 168.94418175000465}
{"section": "independent_reference", "elapsed_seconds": 168.94424195797183}
{"noise_dataset": -1, "elapsed_seconds": 168.97258041700115}
{"noise_dataset": 31, "elapsed_seconds": 169.83863754197955}
{"noise_dataset": 63, "elapsed_seconds": 170.71433191699907}
{"noise_dataset": 95, "elapsed_seconds": 171.59908258297946}
{"noise_dataset": 127, "elapsed_seconds": 172.47631054196972}
{"noise_dataset": 159, "elapsed_seconds": 173.35975729196798}
{"noise_dataset": 191, "elapsed_seconds": 174.25416545796907}
{"noise_dataset": 223, "elapsed_seconds": 175.1368984169676}
{"noise_dataset": 255, "elapsed_seconds": 176.02372904197546}
{"section": "noise", "elapsed_seconds": 176.04102858295664}
{"section": "limits_and_scaling", "elapsed_seconds": 182.9477860420011}
{"status": "complete", "seconds": 182.9481464579585, "feasibility_checks": {"independent_numerical_agreement": true, "separate_refinements": true, "ordinary_group_norms": true, "all_strength_groups_separated": true, "all_noise_calibrations": true, "all_noise_oracles": true, "all_noise_source_groups_fail": true}}
